Loading tokenizer/model...
Loading checkpoint shards:   0%|          | 0/17 [00:00<?, ?it/s]Loading checkpoint shards:   6%|▌         | 1/17 [00:00<00:13,  1.18it/s]Loading checkpoint shards:  12%|█▏        | 2/17 [00:01<00:13,  1.13it/s]Loading checkpoint shards:  18%|█▊        | 3/17 [00:02<00:12,  1.13it/s]Loading checkpoint shards:  24%|██▎       | 4/17 [00:03<00:11,  1.11it/s]Loading checkpoint shards:  29%|██▉       | 5/17 [00:04<00:11,  1.08it/s]Loading checkpoint shards:  35%|███▌      | 6/17 [00:05<00:10,  1.08it/s]Loading checkpoint shards:  41%|████      | 7/17 [00:06<00:09,  1.09it/s]Loading checkpoint shards:  47%|████▋     | 8/17 [00:07<00:08,  1.07it/s]Loading checkpoint shards:  53%|█████▎    | 9/17 [00:08<00:07,  1.08it/s]Loading checkpoint shards:  59%|█████▉    | 10/17 [00:09<00:06,  1.08it/s]Loading checkpoint shards:  65%|██████▍   | 11/17 [00:10<00:05,  1.09it/s]Loading checkpoint shards:  71%|███████   | 12/17 [00:10<00:04,  1.09it/s]Loading checkpoint shards:  76%|███████▋  | 13/17 [00:11<00:03,  1.13it/s]Loading checkpoint shards:  82%|████████▏ | 14/17 [00:12<00:02,  1.11it/s]Loading checkpoint shards:  88%|████████▊ | 15/17 [00:13<00:01,  1.08it/s]Loading checkpoint shards:  94%|█████████▍| 16/17 [00:14<00:00,  1.09it/s]Loading checkpoint shards: 100%|██████████| 17/17 [00:15<00:00,  1.16it/s]Loading checkpoint shards: 100%|██████████| 17/17 [00:15<00:00,  1.11it/s]
amateur_i00_q000 pc=(4.307195061958051,12.340036178695641,1.3381365961246448) err=
amateur_i00_q021 pc=(-5.048720849867491,43.69622665228504,-7.21999075087691) err=
amateur_i00_q043 pc=(21.252293651921004,42.01014275128864,3.0284980368990158) err=
amateur_i00_q065 pc=(30.157401456726657,4.793477383107384,-1.6412438584880733) err=
amateur_i00_q086 pc=(-17.14430875139728,7.941378340715941,-13.209368715978137) err=
amateur_i00_q108 pc=(-13.588849113151133,52.32933289217663,-25.759742284634147) err=
amateur_i00_q130 pc=(5.493215703665459,26.98561114458285,-9.634511911677867) err=
amateur_i00_q152 pc=(-19.69862386755289,61.432788618237964,-29.693800586714172) err=
amateur_i00_q173 pc=(-9.466031251494812,38.149946953146646,0.4993587157167667) err=
amateur_i00_q195 pc=(28.013832831703635,26.12948404943438,-25.41511919487148) err=
amateur_i00_q217 pc=(15.289137937060207,37.29614523575603,-10.501177505924526) err=
amateur_i00_q239 pc=(7.2198286154214575,20.971235344419902,-30.222528431679535) err=
amateur_i01_q000 pc=(2.6136781356721923,29.990198274711183,-3.3102087578215977) err=
amateur_i01_q021 pc=(-9.050473656298434,53.718458499053156,-9.129859514479868) err=
amateur_i01_q043 pc=(12.947553322356278,48.69039407967206,-0.6548797274557927) err=
amateur_i01_q065 pc=(4.4467990263365,47.410460312028,-16.147962304563254) err=
amateur_i01_q086 pc=(-23.971555732319384,36.762041292805904,-6.391628006642558) err=
amateur_i01_q108 pc=(-7.129652269470037,53.49656725074131,-19.839855468355903) err=
amateur_i01_q130 pc=(-3.788717842257892,42.5089071745924,-6.112486796845581) err=
amateur_i01_q152 pc=(-4.810750794446302,53.224845398459465,-43.73719323193385) err=
amateur_i01_q173 pc=(-1.3478761443015035,55.07940794732306,-18.657982122403126) err=
amateur_i01_q195 pc=(12.295747048117422,47.91045824216683,-31.113922401520085) err=
amateur_i01_q217 pc=(12.018971649282449,50.33848651621261,-18.63404451133426) err=
amateur_i01_q239 pc=(3.826355910229653,40.6740846944901,-32.25671890950101) err=
amateur_i02_q000 pc=(6.872636893312634,15.584805235602019,-3.0528446460335243) err=
amateur_i02_q021 pc=(-14.324343523419335,53.71205363634393,-11.918103174002116) err=
amateur_i02_q043 pc=(22.71801742751837,44.53253102800366,-1.5223841084591019) err=
amateur_i02_q065 pc=(21.44841291606425,32.902348046431044,-8.554089505859663) err=
amateur_i02_q086 pc=(-12.456095662562873,32.22553664343306,-24.26121840950639) err=
amateur_i02_q108 pc=(-11.505379563520298,54.16647526888042,-21.181274893031386) err=
amateur_i02_q130 pc=(11.851636714484393,31.32415117419008,-15.439953438343222) err=
amateur_i02_q152 pc=(-10.848093056118612,58.48768574216366,-33.58850567652342) err=
amateur_i02_q173 pc=(-8.000039646520182,63.163127108901335,-14.79900268797303) err=
amateur_i02_q195 pc=(26.942409881344467,40.81147684003317,-26.207147508058977) err=
amateur_i02_q217 pc=(1.4055175964104325,62.38994725581285,-14.241960096340126) err=
amateur_i02_q239 pc=(2.6166114050850604,29.399098628673137,-36.10908596136842) err=
amateur_i03_q000 pc=(8.336179483757938,6.684372785085782,6.631256379604134) err=
amateur_i03_q021 pc=(-16.377332928657534,38.94937148051509,-6.725960556574531) err=
amateur_i03_q043 pc=(23.173015153499193,43.04280275544303,2.252606957845951) err=
amateur_i03_q065 pc=(-3.8428363221297714,37.36222139191614,-20.558468754170747) err=
amateur_i03_q086 pc=(-20.886074151966735,6.060974328328988,-12.42303042648105) err=
amateur_i03_q108 pc=(-10.597960152938738,48.04875441944688,-22.699373457638785) err=
amateur_i03_q130 pc=(17.231866686882277,10.183679533714631,-7.0288993744763175) err=
amateur_i03_q152 pc=(-21.43227447868485,53.03196308595209,-27.957811702141463) err=
amateur_i03_q173 pc=(-10.616310134849527,40.45625694333114,2.694295839526543) err=
amateur_i03_q195 pc=(21.124554236354527,32.71213831388448,-20.565400658366492) err=
amateur_i03_q217 pc=(26.708010823999118,26.419119868669398,-12.23349311181473) err=
amateur_i03_q239 pc=(21.745173045302888,11.708971531259166,-25.356736747480674) err=
amateur_i04_q000 pc=(-5.123846095301753,30.4309880395596,-8.349732997087813) err=
amateur_i04_q021 pc=(-16.20410196021116,46.36851115015372,-16.51600614312064) err=
amateur_i04_q043 pc=(0.6701965849332954,49.63794836875372,-8.459370174096739) err=
amateur_i04_q065 pc=(-13.95852536067894,49.13148993154096,-26.019143302336406) err=
amateur_i04_q086 pc=(-47.29879436436183,19.996516708537346,-22.93141938769194) err=
amateur_i04_q108 pc=(-31.10462258499346,48.544314209883275,-26.429523762010874) err=
amateur_i04_q130 pc=(-8.443647907271659,32.188915116713055,-19.963894838052745) err=
amateur_i04_q152 pc=(-28.117795601736013,56.74338409255592,-41.337698525526505) err=
amateur_i04_q173 pc=(-15.468875419417687,47.081410815595426,-16.857839395482163) err=
amateur_i04_q195 pc=(-4.441548468560129,42.12084371298598,-30.32589756171798) err=
amateur_i04_q217 pc=(-16.829235252734353,42.90264682407404,-21.28073223541407) err=
amateur_i04_q239 pc=(-27.080136813074933,35.22285388865048,-30.484789777044483) err=
playwright_i00_q000 pc=(5.266382927600691,-3.9659889738592846,16.298829601876022) err=
playwright_i00_q021 pc=(-33.83325907002263,40.30800707855708,12.278424971725594) err=
playwright_i00_q043 pc=(33.00757785938973,19.897096809672348,7.125637806090325) err=
playwright_i00_q065 pc=(5.550915213907065,-1.06903378284875,14.438965361296173) err=
playwright_i00_q086 pc=(-36.50115494524354,4.3553802363294825,-1.6505775905311997) err=
playwright_i00_q108 pc=(-38.62952776536633,15.398146794620633,1.4403959100588386) err=
playwright_i00_q130 pc=(-40.24077769819234,10.37410444335021,11.408892909944) err=
playwright_i00_q152 pc=(-30.6194412532645,36.33135589446823,-13.634302947207594) err=
playwright_i00_q173 pc=(13.343659428519207,27.52071211134604,-2.702179797810129) err=
playwright_i00_q195 pc=(35.120790675643434,10.872739108260882,-10.228065279514084) err=
playwright_i00_q217 pc=(-3.309111048633728,22.720233085773604,1.2904996953807855) err=
playwright_i00_q239 pc=(-5.008575153933005,-0.7249535700286018,-14.997617802461278) err=
playwright_i01_q000 pc=(16.05898925750809,-1.372506371654594,16.01134890790932) err=
playwright_i01_q021 pc=(-37.51429452822956,28.807922856545364,17.022837647009286) err=
playwright_i01_q043 pc=(34.746787087600616,20.150652757712184,9.726190436627775) err=
playwright_i01_q065 pc=(7.110795222377538,2.8511354088809124,8.827401201975231) err=
playwright_i01_q086 pc=(-16.57641316527437,-6.6103328596303115,10.701138937692992) err=
playwright_i01_q108 pc=(-25.051387090555153,19.73196461000193,8.066618861994694) err=
playwright_i01_q130 pc=(-16.39544910876255,-1.873835751086593,14.468719068667781) err=
playwright_i01_q152 pc=(-40.85449035036559,34.45811443298571,-4.860884252946728) err=
playwright_i01_q173 pc=(-0.19488372072438764,10.428226265422731,13.484380104960696) err=
playwright_i01_q195 pc=(4.786482840032399,14.530208655384644,8.876932205858669) err=
playwright_i01_q217 pc=(1.291646589939969,10.627379304099483,5.963882040414251) err=
playwright_i01_q239 pc=(44.3254658181708,-22.342629797485678,-17.311049791990207) err=
playwright_i02_q000 pc=(-8.819616016309977,-5.781627703281059,16.539900506987998) err=
playwright_i02_q021 pc=(-32.69535889242504,20.802274250102332,4.148286334452656) err=
playwright_i02_q043 pc=(29.52874588255147,17.57642072968743,5.85475127441341) err=
playwright_i02_q065 pc=(-3.7065487836288655,7.728792306077004,11.254689592709905) err=
playwright_i02_q086 pc=(-1.2057322284016119,-6.522426309028864,8.677996979773418) err=
playwright_i02_q108 pc=(-31.14568843567133,20.869724153133188,4.313922776741869) err=
playwright_i02_q130 pc=(-29.716256709673043,-2.506560680011943,16.182232343763108) err=
playwright_i02_q152 pc=(-30.64393316151575,19.063054788749778,-10.902214807535529) err=
playwright_i02_q173 pc=(-3.1548879134930337,20.00710574315037,2.9207531790721895) err=
playwright_i02_q195 pc=(25.253147847367384,-3.3649846768651765,7.996937156054849) err=
playwright_i02_q217 pc=(8.915611763084698,13.119535701920976,0.9107636970221646) err=
playwright_i02_q239 pc=(-4.8595366204370825,1.2119908225507459,-6.929581644507302) err=
playwright_i03_q000 pc=(-7.968700215256424,-4.765883566049922,17.481793769722707) err=
playwright_i03_q021 pc=(-34.73052904017689,24.682488140199286,0.052503406690066035) err=
playwright_i03_q043 pc=(25.716885313438443,17.094215491075946,4.22615121976253) err=
playwright_i03_q065 pc=(-11.732068221807044,-3.10986085481616,14.262574877664747) err=
playwright_i03_q086 pc=(-49.55799192596329,5.996211120483361,6.117848097484332) err=
playwright_i03_q108 pc=(-35.661046717215136,21.712737139718026,2.229312850674811) err=
playwright_i03_q130 pc=(-35.08955181654405,11.071315610071636,8.92858700041499) err=
playwright_i03_q152 pc=(-27.483958437457854,18.593366023810464,-5.975205393821664) err=
playwright_i03_q173 pc=(4.468876025808534,14.128844764061292,1.6782801257273348) err=
playwright_i03_q195 pc=(14.292837016798158,2.834989229057788,-9.74979412283013) err=
playwright_i03_q217 pc=(9.20987809548764,12.220846448077111,1.3825615211949736) err=
playwright_i03_q239 pc=(-1.1859850311897946,-4.48525260162247,-19.346440774407924) err=
playwright_i04_q000 pc=(11.340870570931312,-2.606340148788604,11.993366870317146) err=
playwright_i04_q021 pc=(-38.487755943332076,37.94449815845386,4.113039908615953) err=
playwright_i04_q043 pc=(14.30749084265589,24.757734651688537,18.04951870531329) err=
playwright_i04_q065 pc=(-17.746805786073843,9.593037956891735,17.521047022373487) err=
playwright_i04_q086 pc=(-42.118958071094525,8.95215949826663,9.269894120799716) err=
playwright_i04_q108 pc=(-30.665453207318027,27.83463964339307,4.947085410391766) err=
playwright_i04_q130 pc=(-44.55642822134777,8.493394343385155,11.649949882125224) err=
playwright_i04_q152 pc=(-34.44501392649235,30.149292169788808,-13.813636394967407) err=
playwright_i04_q173 pc=(1.101445756984461,21.090488699450393,5.897859534360011) err=
playwright_i04_q195 pc=(7.34775086683094,19.43583278058324,6.467943475899487) err=
playwright_i04_q217 pc=(26.8118491937254,18.31014073079176,7.831425821787545) err=
playwright_i04_q239 pc=(-7.273661392751759,2.2495414838360173,-19.604413457805272) err=
{
  "boundary": "hook_matches_hidden_states_49",
  "runtime": {
    "pod_id": "eu6ub11lshcyze",
    "gpu_type": "NVIDIA A100-SXM4-80GB",
    "cost_per_hr": 1.49,
    "runtime_seconds": 2781.7314467430115,
    "estimated_cost_usd": 1.1513277376797464,
    "stage2_proceeded": true,
    "responses_generated": 120,
    "completed_utc": "2026-06-03T20:37:02.340547+00:00"
  }
}
